cpu
Train and test datasets saved successfully.
Loading Raw Data and processing it
Initializing Molecular Representation Generator
Loading Molecular Representations
Skipping molecule: 95 | SMILES: CCCCOC(=O)C
Skipping molecule: 215 | SMILES: CCCNCCC
Skipping molecule: 518 | SMILES: CCCN(CCC)c1c(cc(cc1[N+](=O)[O-])S(=O)(=O)C)[N+](=O)[O-]
Saving data.
Dataset Name: FreeSolv
Number of Molecules Loaded: 574
===================================
Loading Raw Data and processing it
Initializing Molecular Representation Generator
Loading Molecular Representations
Skipping molecule: 0 | SMILES: CCCCN(CC)C(=O)SCCC
Saving data.
Dataset Name: FreeSolv
Number of Molecules Loaded: 64
Atomic Features: torch.Size([5, 154]) - This represents the atomic features of the molecule
Bond Features: torch.Size([8, 11]) - This represents the bond features of the molecule
Angle Features: torch.Size([12, 36]) - This represents the angle features of the molecule
Dihedral Features: torch.Size([0]) - This represents the dihedral features of the molecule
Global Molecular Features: torch.Size([200]) - This represents the global molecular features of the molecule
Bond Indices: torch.Size([8, 2]) - This represents the bond indices of the molecule
Angle Indices: torch.Size([12, 2]) - This represents the angle indices of the molecule
Dihedral Indices: torch.Size([0]) - This represents the dihedral indices of the molecule
Target: torch.Size([1]) - This represents the target of the molecule
