Loading dataset from folder
Initializing Molecular Representation Generator
Dataset Name: FreeSolv
Number of Molecules Loaded: 574
===================================
Loading dataset from folder
Initializing Molecular Representation Generator
Dataset Name: FreeSolv
Number of Molecules Loaded: 64
===================================
Training for random_state = 98
Epoch:   0 | RMSE Train  Loss: 2.5223 | MSE Train Loss: 12.4541 | RMSE Val  Loss: 2.2802 | MSE Val Loss: 11.1666
Epoch:   1 | RMSE Train  Loss: 1.6624 | MSE Train Loss: 5.9167 | RMSE Val  Loss: 1.5958 | MSE Val Loss: 5.7378
Epoch:   2 | RMSE Train  Loss: 1.1797 | MSE Train Loss: 3.1732 | RMSE Val  Loss: 1.2454 | MSE Val Loss: 3.7214
Epoch:   3 | RMSE Train  Loss: 1.0440 | MSE Train Loss: 2.2711 | RMSE Val  Loss: 1.2338 | MSE Val Loss: 3.3573
Epoch:   4 | RMSE Train  Loss: 0.9537 | MSE Train Loss: 1.9863 | RMSE Val  Loss: 1.0951 | MSE Val Loss: 2.7711
Epoch:   5 | RMSE Train  Loss: 0.9130 | MSE Train Loss: 1.8213 | RMSE Val  Loss: 1.0844 | MSE Val Loss: 2.4784
Epoch:   6 | RMSE Train  Loss: 0.8526 | MSE Train Loss: 1.6123 | RMSE Val  Loss: 1.1220 | MSE Val Loss: 2.5788
Epoch:   7 | RMSE Train  Loss: 0.8351 | MSE Train Loss: 1.5041 | RMSE Val  Loss: 1.0236 | MSE Val Loss: 2.1582
Epoch:   8 | RMSE Train  Loss: 0.8282 | MSE Train Loss: 1.4277 | RMSE Val  Loss: 1.0227 | MSE Val Loss: 2.2284
Epoch:   9 | RMSE Train  Loss: 0.8010 | MSE Train Loss: 1.4074 | RMSE Val  Loss: 1.0044 | MSE Val Loss: 2.0517
Model saved to ./models/gnn3d_freesolv.pth
Time taken for training: 0 hours, 0 minutes, 40 seconds
Test Results:
RMSE Loss: 0.9483
MSE Loss: 2.0603
Time taken for training and evaluation: 0 hours, 0 minutes, 40 seconds
Training for random_state = 123
Epoch:   0 | RMSE Train  Loss: 2.4590 | MSE Train Loss: 11.7659 | RMSE Val  Loss: 1.9272 | MSE Val Loss: 6.8349
Epoch:   1 | RMSE Train  Loss: 1.5660 | MSE Train Loss: 5.5671 | RMSE Val  Loss: 1.0872 | MSE Val Loss: 2.9381
Epoch:   2 | RMSE Train  Loss: 1.1699 | MSE Train Loss: 3.3541 | RMSE Val  Loss: 0.9984 | MSE Val Loss: 2.1396
Epoch:   3 | RMSE Train  Loss: 1.0004 | MSE Train Loss: 2.4721 | RMSE Val  Loss: 0.9286 | MSE Val Loss: 2.0065
Epoch:   4 | RMSE Train  Loss: 0.9088 | MSE Train Loss: 1.9747 | RMSE Val  Loss: 0.9185 | MSE Val Loss: 1.9501
Epoch:   5 | RMSE Train  Loss: 0.8403 | MSE Train Loss: 1.6337 | RMSE Val  Loss: 0.9387 | MSE Val Loss: 1.8193
Epoch:   6 | RMSE Train  Loss: 0.8350 | MSE Train Loss: 1.5198 | RMSE Val  Loss: 0.8623 | MSE Val Loss: 1.6796
Epoch:   7 | RMSE Train  Loss: 0.7998 | MSE Train Loss: 1.3958 | RMSE Val  Loss: 0.9178 | MSE Val Loss: 1.8121
Epoch:   8 | RMSE Train  Loss: 0.8622 | MSE Train Loss: 1.4732 | RMSE Val  Loss: 0.9118 | MSE Val Loss: 1.7291
Epoch:   9 | RMSE Train  Loss: 0.8116 | MSE Train Loss: 1.3314 | RMSE Val  Loss: 0.9394 | MSE Val Loss: 1.8915
Model saved to ./models/gnn3d_freesolv.pth
Time taken for training: 0 hours, 0 minutes, 39 seconds
Test Results:
RMSE Loss: 0.9106
MSE Loss: 1.9290
Time taken for training and evaluation: 0 hours, 0 minutes, 39 seconds
Training for random_state = 456
Epoch:   0 | RMSE Train  Loss: 2.4665 | MSE Train Loss: 11.7644 | RMSE Val  Loss: 1.8215 | MSE Val Loss: 7.1684
Epoch:   1 | RMSE Train  Loss: 1.5424 | MSE Train Loss: 5.1409 | RMSE Val  Loss: 1.3024 | MSE Val Loss: 3.9373
Epoch:   2 | RMSE Train  Loss: 1.1098 | MSE Train Loss: 2.8923 | RMSE Val  Loss: 1.2075 | MSE Val Loss: 2.7941
Epoch:   3 | RMSE Train  Loss: 0.9732 | MSE Train Loss: 2.2281 | RMSE Val  Loss: 1.1045 | MSE Val Loss: 2.3750
Epoch:   4 | RMSE Train  Loss: 0.9008 | MSE Train Loss: 1.8401 | RMSE Val  Loss: 1.1983 | MSE Val Loss: 2.8234
Epoch:   5 | RMSE Train  Loss: 0.8878 | MSE Train Loss: 1.7193 | RMSE Val  Loss: 1.2656 | MSE Val Loss: 2.7052
Epoch:   6 | RMSE Train  Loss: 0.8382 | MSE Train Loss: 1.5573 | RMSE Val  Loss: 1.1497 | MSE Val Loss: 2.2962
Epoch:   7 | RMSE Train  Loss: 0.8000 | MSE Train Loss: 1.4064 | RMSE Val  Loss: 1.2679 | MSE Val Loss: 2.7961
Epoch:   8 | RMSE Train  Loss: 0.7811 | MSE Train Loss: 1.3344 | RMSE Val  Loss: 1.0018 | MSE Val Loss: 1.9023
Epoch:   9 | RMSE Train  Loss: 0.7608 | MSE Train Loss: 1.2177 | RMSE Val  Loss: 1.0071 | MSE Val Loss: 1.9824
Model saved to ./models/gnn3d_freesolv.pth
Time taken for training: 0 hours, 0 minutes, 38 seconds
Test Results:
RMSE Loss: 0.8776
MSE Loss: 2.0000
Time taken for training and evaluation: 0 hours, 0 minutes, 38 seconds
Training for random_state = 1704
Epoch:   0 | RMSE Train  Loss: 2.5268 | MSE Train Loss: 12.6716 | RMSE Val  Loss: 2.1112 | MSE Val Loss: 7.2160
Epoch:   1 | RMSE Train  Loss: 1.6222 | MSE Train Loss: 5.9302 | RMSE Val  Loss: 1.3524 | MSE Val Loss: 3.9675
Epoch:   2 | RMSE Train  Loss: 1.2500 | MSE Train Loss: 3.5207 | RMSE Val  Loss: 1.1835 | MSE Val Loss: 2.7582
Epoch:   3 | RMSE Train  Loss: 1.0987 | MSE Train Loss: 2.5640 | RMSE Val  Loss: 1.1208 | MSE Val Loss: 2.4313
Epoch:   4 | RMSE Train  Loss: 0.9721 | MSE Train Loss: 2.1203 | RMSE Val  Loss: 1.2803 | MSE Val Loss: 2.7473
Epoch:   5 | RMSE Train  Loss: 0.9369 | MSE Train Loss: 1.8350 | RMSE Val  Loss: 1.3435 | MSE Val Loss: 2.7209
Epoch:   6 | RMSE Train  Loss: 0.8796 | MSE Train Loss: 1.5736 | RMSE Val  Loss: 0.9999 | MSE Val Loss: 2.0569
Epoch:   7 | RMSE Train  Loss: 0.8571 | MSE Train Loss: 1.5257 | RMSE Val  Loss: 1.0009 | MSE Val Loss: 2.1565
Epoch:   8 | RMSE Train  Loss: 0.8427 | MSE Train Loss: 1.4143 | RMSE Val  Loss: 0.9528 | MSE Val Loss: 1.8874
Epoch:   9 | RMSE Train  Loss: 0.7954 | MSE Train Loss: 1.3344 | RMSE Val  Loss: 0.9653 | MSE Val Loss: 2.4214
Model saved to ./models/gnn3d_freesolv.pth
Time taken for training: 0 hours, 0 minutes, 38 seconds
Test Results:
RMSE Loss: 0.9571
MSE Loss: 2.1829
Time taken for training and evaluation: 0 hours, 0 minutes, 39 seconds
Training for random_state = 19472
Epoch:   0 | RMSE Train  Loss: 2.3742 | MSE Train Loss: 11.4220 | RMSE Val  Loss: 1.6758 | MSE Val Loss: 4.2843
Epoch:   1 | RMSE Train  Loss: 1.5932 | MSE Train Loss: 5.4541 | RMSE Val  Loss: 1.1075 | MSE Val Loss: 2.0123
Epoch:   2 | RMSE Train  Loss: 1.2577 | MSE Train Loss: 3.4107 | RMSE Val  Loss: 1.0752 | MSE Val Loss: 1.7672
Epoch:   3 | RMSE Train  Loss: 1.0440 | MSE Train Loss: 2.3262 | RMSE Val  Loss: 0.7547 | MSE Val Loss: 1.0160
Epoch:   4 | RMSE Train  Loss: 0.9351 | MSE Train Loss: 1.9900 | RMSE Val  Loss: 0.8302 | MSE Val Loss: 1.3274
Epoch:   5 | RMSE Train  Loss: 0.9028 | MSE Train Loss: 1.7058 | RMSE Val  Loss: 0.7635 | MSE Val Loss: 1.0873
Epoch:   6 | RMSE Train  Loss: 0.8624 | MSE Train Loss: 1.5483 | RMSE Val  Loss: 0.9378 | MSE Val Loss: 1.5410
Epoch:   7 | RMSE Train  Loss: 0.8131 | MSE Train Loss: 1.4432 | RMSE Val  Loss: 1.0677 | MSE Val Loss: 1.8152
Epoch:   8 | RMSE Train  Loss: 0.8133 | MSE Train Loss: 1.3480 | RMSE Val  Loss: 0.8010 | MSE Val Loss: 1.1627
Epoch:   9 | RMSE Train  Loss: 0.7893 | MSE Train Loss: 1.3183 | RMSE Val  Loss: 0.9636 | MSE Val Loss: 1.8083
Model saved to ./models/gnn3d_freesolv.pth
Time taken for training: 0 hours, 0 minutes, 38 seconds
Test Results:
RMSE Loss: 0.9306
MSE Loss: 1.9548
Time taken for training and evaluation: 0 hours, 0 minutes, 38 seconds
RMSE Losses Train: [[2.522346999698369, 1.66244271051052, 1.1796831380893555, 1.0439885254054107, 0.9536775189358019, 0.9129781838968511, 0.8526153816704372, 0.8350508479914057, 0.8281921648759712, 0.8010002763494272], [2.4589877741974453, 1.5659984976284265, 1.1699119355933842, 1.0004448285109775, 0.9088052938901638, 0.8403095766151136, 0.8350032786008461, 0.7997976130582103, 0.8622352870383351, 0.8116438148557678], [2.4665047435104386, 1.5424167371766513, 1.1097891352088876, 0.9731952840852183, 0.9008281371852224, 0.8877783801962528, 0.8382196282000505, 0.7999907110839389, 0.7810544036328793, 0.760786566146931], [2.526842027613821, 1.6221762063602607, 1.2500428475851064, 1.0986607791494953, 0.9721464674284522, 0.9368526287153074, 0.8796298056263332, 0.8570965946500384, 0.8426741642169944, 0.7953866516174966], [2.3742249366617942, 1.5932047649813714, 1.2577023421262585, 1.044003204810758, 0.9350953809195017, 0.9027527887807336, 0.862410985554258, 0.8130916280729711, 0.8132724023582919, 0.7892789969061927]]
RMSE Losses Val: [[2.2802090562623123, 1.5957524992268661, 1.2453880217568627, 1.23378831867514, 1.095104256580616, 1.0843631059959018, 1.122002817433456, 1.0236117952856525, 1.022710997482826, 1.00441330928227], [1.9271676103616584, 1.0872260630130768, 0.9984366837246664, 0.9286038623801594, 0.9184957079846283, 0.9386864027072643, 0.8623278706238188, 0.9177834031910732, 0.911778311277258, 0.9394413479443254], [1.8215052074399487, 1.3023894478020996, 1.2074697007393014, 1.1045051800279782, 1.1983094081796448, 1.2655845346121952, 1.1497480278385097, 1.267946307515276, 1.0017724900410092, 1.0070654621412014], [2.1111694492142776, 1.3524482961872528, 1.1834978409882249, 1.1208332499553417, 1.2802962033913052, 1.3435422485244686, 0.9999043795055357, 1.0009443476025401, 0.9527721351076817, 0.9653059770513711], [1.675775910245961, 1.1075381991164437, 1.075190997586168, 0.7547237539085848, 0.8301505320544901, 0.763487082488578, 0.9377974916634888, 1.0676973672776386, 0.8010438464838883, 0.9636054028724802]]
Epoch | Average Training Loss | Average Validation Loss
    0 | 2.4698                | 1.9632
    1 | 1.5972                | 1.2891
    2 | 1.1934                | 1.1420
    3 | 1.0321                | 1.0285
    4 | 0.9341                | 1.0645
    5 | 0.8961                | 1.0791
    6 | 0.8536                | 1.0144
    7 | 0.8210                | 1.0556
    8 | 0.8255                | 0.9380
    9 | 0.7916                | 0.9760
Pearson Correlation Coefficient: 0.9399
Coefficient of Determination R^2: 0.8633
Filtered Predictions shape: (63,)
Filtered Targets shape: (63,)
Pearson Correlation Coefficient after removing outlier: 0.9491
Coefficient of Determination R² after removing outlier: 0.8935
