Loading dataset from folder
Initializing Molecular Representation Generator
Dataset Name: ToxQ
Number of Molecules Loaded: 449
===================================
Loading dataset from folder
Initializing Molecular Representation Generator
Dataset Name: ToxQ
Number of Molecules Loaded: 50
===================================
Training for random_state = 21356
Epoch:   0 | RMSE Train Loss: 0.6371 | Validation AUC: 0.8142
Epoch:   1 | RMSE Train Loss: 0.6314 | Validation AUC: 0.8446
Epoch:   2 | RMSE Train Loss: 0.6310 | Validation AUC: 0.8345
Epoch:   3 | RMSE Train Loss: 0.6326 | Validation AUC: 0.9291
Epoch:   4 | RMSE Train Loss: 0.6179 | Validation AUC: 0.9122
Epoch:   5 | RMSE Train Loss: 0.6088 | Validation AUC: 0.9155
Epoch:   6 | RMSE Train Loss: 0.6046 | Validation AUC: 0.9122
Epoch:   7 | RMSE Train Loss: 0.6018 | Validation AUC: 0.9054
Epoch:   8 | RMSE Train Loss: 0.6003 | Validation AUC: 0.9020
Epoch:   9 | RMSE Train Loss: 0.5993 | Validation AUC: 0.9020
Model saved to ./models/gnn3d_hdat.pth
Time taken for training: 0 hours, 0 minutes, 49 seconds
Test Results:
Test AUC: 0.9524
Time taken for training and evaluation: 0 hours, 0 minutes, 50 seconds
Training for random_state = 137420
Epoch:   0 | RMSE Train Loss: 0.6422 | Validation AUC: 0.7700
Epoch:   1 | RMSE Train Loss: 0.6357 | Validation AUC: 0.7650
Epoch:   2 | RMSE Train Loss: 0.6353 | Validation AUC: 0.7725
Epoch:   3 | RMSE Train Loss: 0.6368 | Validation AUC: 0.8550
Epoch:   4 | RMSE Train Loss: 0.6330 | Validation AUC: 0.9000
Epoch:   5 | RMSE Train Loss: 0.6175 | Validation AUC: 0.8950
Epoch:   6 | RMSE Train Loss: 0.6123 | Validation AUC: 0.8950
Epoch:   7 | RMSE Train Loss: 0.6092 | Validation AUC: 0.8850
Epoch:   8 | RMSE Train Loss: 0.6072 | Validation AUC: 0.9000
Epoch:   9 | RMSE Train Loss: 0.6050 | Validation AUC: 0.9000
Model saved to ./models/gnn3d_hdat.pth
Time taken for training: 0 hours, 0 minutes, 50 seconds
Test Results:
Test AUC: 0.9464
Time taken for training and evaluation: 0 hours, 0 minutes, 51 seconds
Training for random_state = 949928
Epoch:   0 | RMSE Train Loss: 0.6397 | Validation AUC: 0.7130
Epoch:   1 | RMSE Train Loss: 0.6320 | Validation AUC: 0.7222
Epoch:   2 | RMSE Train Loss: 0.6309 | Validation AUC: 0.7778
Epoch:   3 | RMSE Train Loss: 0.6208 | Validation AUC: 0.7809
Epoch:   4 | RMSE Train Loss: 0.6101 | Validation AUC: 0.7809
Epoch:   5 | RMSE Train Loss: 0.6055 | Validation AUC: 0.7870
Epoch:   6 | RMSE Train Loss: 0.6035 | Validation AUC: 0.7870
Epoch:   7 | RMSE Train Loss: 0.6025 | Validation AUC: 0.7870
Epoch:   8 | RMSE Train Loss: 0.6014 | Validation AUC: 0.7778
Epoch:   9 | RMSE Train Loss: 0.6000 | Validation AUC: 0.7716
Model saved to ./models/gnn3d_hdat.pth
Time taken for training: 0 hours, 0 minutes, 50 seconds
Test Results:
Test AUC: 0.8929
Time taken for training and evaluation: 0 hours, 0 minutes, 50 seconds
Training for random_state = 435690
Epoch:   0 | RMSE Train Loss: 0.6371 | Validation AUC: 0.7905
Epoch:   1 | RMSE Train Loss: 0.6311 | Validation AUC: 0.8209
Epoch:   2 | RMSE Train Loss: 0.6309 | Validation AUC: 0.7973
Epoch:   3 | RMSE Train Loss: 0.6310 | Validation AUC: 0.8818
Epoch:   4 | RMSE Train Loss: 0.6312 | Validation AUC: 0.8801
Epoch:   5 | RMSE Train Loss: 0.6273 | Validation AUC: 0.9122
Epoch:   6 | RMSE Train Loss: 0.6109 | Validation AUC: 0.8953
Epoch:   7 | RMSE Train Loss: 0.6057 | Validation AUC: 0.8818
Epoch:   8 | RMSE Train Loss: 0.6030 | Validation AUC: 0.8885
Epoch:   9 | RMSE Train Loss: 0.6002 | Validation AUC: 0.8953
Model saved to ./models/gnn3d_hdat.pth
Time taken for training: 0 hours, 0 minutes, 53 seconds
Test Results:
Test AUC: 0.9524
Time taken for training and evaluation: 0 hours, 0 minutes, 53 seconds
Training for random_state = 7435290
Epoch:   0 | RMSE Train Loss: 0.6412 | Validation AUC: 0.9530
Epoch:   1 | RMSE Train Loss: 0.6356 | Validation AUC: 0.9957
Epoch:   2 | RMSE Train Loss: 0.6349 | Validation AUC: 1.0000
Epoch:   3 | RMSE Train Loss: 0.6224 | Validation AUC: 1.0000
Epoch:   4 | RMSE Train Loss: 0.6150 | Validation AUC: 1.0000
Epoch:   5 | RMSE Train Loss: 0.6108 | Validation AUC: 1.0000
Epoch:   6 | RMSE Train Loss: 0.6077 | Validation AUC: 1.0000
Epoch:   7 | RMSE Train Loss: 0.6064 | Validation AUC: 1.0000
Epoch:   8 | RMSE Train Loss: 0.6043 | Validation AUC: 1.0000
Epoch:   9 | RMSE Train Loss: 0.6031 | Validation AUC: 1.0000
Model saved to ./models/gnn3d_hdat.pth
Time taken for training: 0 hours, 0 minutes, 54 seconds
Test Results:
Test AUC: 0.9226
Time taken for training and evaluation: 0 hours, 0 minutes, 54 seconds
RMSE Losses Train: [[0.6370660802810499, 0.6314237709387694, 0.6309717679672903, 0.6326237888914523, 0.6179304232101629, 0.6088329186238864, 0.6046254382570191, 0.6017978844961317, 0.600325283290136, 0.5993029078339586], [0.6421749531337531, 0.6356594215820331, 0.6353291922276563, 0.636846932444242, 0.6329873679297986, 0.6174753944177439, 0.6123181857389979, 0.6091512571467032, 0.6072330103062167, 0.604988918298542], [0.6397269558493454, 0.632019185488767, 0.6308891072426692, 0.6208100130062292, 0.6101016713546055, 0.6054735871234743, 0.6034520094347472, 0.6025476249137728, 0.6013583948116491, 0.6000259633701627], [0.6370936446260698, 0.631119898492747, 0.6309124173799364, 0.6310459742746731, 0.6312040204163825, 0.6273134070457799, 0.6109160476982003, 0.6057436585721403, 0.6029685564560465, 0.6002080366753115], [0.6411762644748876, 0.635587719997557, 0.6349157367897506, 0.6224466085729032, 0.6149751092537795, 0.6108063722010886, 0.6077113417115542, 0.6063843635049196, 0.6043031947447521, 0.603111667650761]]
AUC Losses Val: [[0.8141891891891893, 0.8445945945945945, 0.8344594594594594, 0.9290540540540541, 0.9121621621621622, 0.9155405405405406, 0.9121621621621622, 0.9054054054054054, 0.902027027027027, 0.902027027027027], [0.77, 0.7650000000000001, 0.7725000000000001, 0.8550000000000001, 0.9, 0.895, 0.895, 0.885, 0.9, 0.9], [0.712962962962963, 0.7222222222222223, 0.7777777777777778, 0.7808641975308642, 0.7808641975308642, 0.7870370370370371, 0.7870370370370371, 0.7870370370370371, 0.7777777777777778, 0.771604938271605], [0.7905405405405406, 0.8209459459459459, 0.7972972972972974, 0.8817567567567568, 0.8800675675675675, 0.9121621621621622, 0.8952702702702703, 0.8817567567567568, 0.8885135135135135, 0.8952702702702703], [0.952991452991453, 0.9957264957264957, 1.0, 1.0, 1.0, 1.0, 1.0, 1.0, 1.0, 1.0]]
Epoch | Average Training Loss | Average Validation Loss
    0 | 0.6394                | 0.8081
    1 | 0.6332                | 0.8297
    2 | 0.6326                | 0.8364
    3 | 0.6288                | 0.8893
    4 | 0.6214                | 0.8946
    5 | 0.6140                | 0.9019
    6 | 0.6078                | 0.8979
    7 | 0.6051                | 0.8918
    8 | 0.6032                | 0.8937
    9 | 0.6015                | 0.8938
Pearson Correlation Coefficient: 0.7801
Coefficient of Determination R^2: 0.5968
